#-----------------------------------------------------------
# Vivado v2020.2.2 (64-bit)
# SW Build 3118627 on Tue Feb  9 05:13:49 MST 2021
# IP Build 3115676 on Tue Feb  9 10:48:11 MST 2021
# Start of session at: Tue Apr 27 11:00:46 2021
# Process ID: 26890
# Current directory: /home/training/Projects/bsp_build_tests/test_tag/u96v2_sbc_base/hdl/projects/u96v2_sbc_base_2020_2/u96v2_sbc_base.runs/u96v2_sbc_base_proc_sys_reset_0_1_synth_1
# Command line: vivado -log u96v2_sbc_base_proc_sys_reset_0_1.vds -product Vivado -mode batch -messageDb vivado.pb -notrace -source u96v2_sbc_base_proc_sys_reset_0_1.tcl
# Log file: /home/training/Projects/bsp_build_tests/test_tag/u96v2_sbc_base/hdl/projects/u96v2_sbc_base_2020_2/u96v2_sbc_base.runs/u96v2_sbc_base_proc_sys_reset_0_1_synth_1/u96v2_sbc_base_proc_sys_reset_0_1.vds
# Journal file: /home/training/Projects/bsp_build_tests/test_tag/u96v2_sbc_base/hdl/projects/u96v2_sbc_base_2020_2/u96v2_sbc_base.runs/u96v2_sbc_base_proc_sys_reset_0_1_synth_1/vivado.jou
#-----------------------------------------------------------
source u96v2_sbc_base_proc_sys_reset_0_1.tcl -notrace
